../Core/Src/main.c:84:5:main	136	static
../Core/Src/main.c:195:6:SystemClock_Config	72	static
../Core/Src/main.c:235:13:MX_I2C1_Init	8	static
../Core/Src/main.c:269:13:MX_TIM1_Init	96	static
../Core/Src/main.c:344:13:MX_TIM2_Init	48	static
../Core/Src/main.c:393:13:MX_TIM3_Init	48	static
../Core/Src/main.c:442:13:MX_USART1_UART_Init	8	static
../Core/Src/main.c:475:13:MX_USART3_UART_Init	8	static
../Core/Src/main.c:508:13:MX_GPIO_Init	24	static
../Core/Src/main.c:530:6:Error_Handler	4	static,ignoring_inline_asm
